// Jest Snapshot v1, https://goo.gl/fbAQLP

exports[`Matches snapshot 1`] = `
<DocumentFragment>
  <div
    class="container"
  >
    <canvas
      height="150"
      role="img"
      width="300"
    />
  </div>
</DocumentFragment>
`;
